medium eps_t=13.0000-12.8394j
static weights (a*piece at a=1e-6): aa 14.5416-15.8561j  bb 14.5416-15.8561j  cross 14.5416-15.8561j

== radius ratio a_A / a_B = 1
    scale a_A               observer                 source               harmonic              geometric             arithmetic                    max                    min
        1e-03           9.178409e-03           9.178409e-03           9.178409e-03           9.178409e-03           9.178409e-03           9.178409e-03           9.178409e-03
        1e-04           9.179361e-04           9.179361e-04           9.179361e-04           9.179361e-04           9.179361e-04           9.179361e-04           9.179361e-04
        1e-05           9.179456e-05           9.179456e-05           9.179456e-05           9.179456e-05           9.179456e-05           9.179456e-05           9.179456e-05
        1e-06           9.179466e-06           9.179466e-06           9.179466e-06           9.179466e-06           9.179466e-06           9.179466e-06           9.179466e-06

== radius ratio a_A / a_B = 2
    scale a_A               observer                 source               harmonic              geometric             arithmetic                    max                    min
        1e-03           9.178883e-03           9.178883e-03           9.178924e-03           3.686036e+00           7.166223e+00           2.150920e+01           2.151974e+01
        1e-04           9.179408e-04           9.179408e-04           9.179412e-04           3.690773e+00           7.170963e+00           2.151394e+01           2.151500e+01
        1e-05           9.179461e-05           9.179461e-05           9.179461e-05           3.691247e+00           7.171437e+00           2.151442e+01           2.151452e+01
        1e-06           9.179466e-06           9.179466e-06           9.179466e-06           3.691294e+00           7.171485e+00           2.151446e+01           2.151447e+01

== radius ratio a_A / a_B = 4
    scale a_A               observer                 source               harmonic              geometric             arithmetic                    max                    min
        1e-03           9.179121e-03           9.179121e-03           9.179229e-03           2.150920e+01           3.872078e+01           6.453814e+01           6.454868e+01
        1e-04           9.179432e-04           9.179432e-04           9.179443e-04           2.151394e+01           3.872552e+01           6.454288e+01           6.454394e+01
        1e-05           9.179463e-05           9.179463e-05           9.179464e-05           2.151442e+01           3.872599e+01           6.454336e+01           6.454346e+01
        1e-06           9.179466e-06           9.179466e-06           9.179466e-06           2.151446e+01           3.872604e+01           6.454340e+01           6.454341e+01

== radius ratio a_A / a_B = 10
    scale a_A               observer                 source               harmonic              geometric             arithmetic                    max                    min
        1e-03           9.179263e-03           9.179263e-03           9.179441e-03           1.005844e+02           1.584195e+02           1.936250e+02           1.936355e+02
        1e-04           9.179446e-04           9.179446e-04           9.179464e-04           1.005892e+02           1.584242e+02           1.936297e+02           1.936308e+02
        1e-05           9.179465e-05           9.179465e-05           9.179466e-05           1.005897e+02           1.584247e+02           1.936302e+02           1.936303e+02
        1e-06           9.179466e-06           9.179466e-06           9.179467e-06           1.005897e+02           1.584247e+02           1.936302e+02           1.936302e+02

columns are a_A * |S|: bounded rules fall toward 0 as a_A shrinks; O(1/a) residue stays constant
