{'engine_sha256': '2068ae67a7fb1225d6110dca20031412ad7ba2fe6de64919714d5bbd0a505575', 'note': "S, D and E in ohm; S/D is the brief's figure of merit, S/E the differential one"}
geometry                     a_node    h/a  a_rad/a  soil  segs         S        D      S/D   E_node    E_far     S/E
step-(c) rod               2.50e-04 150.00   0.5000     A    53  0.001112    2.783 0.0003997  0.01929  0.01859 0.05768
step-(c) rod r_far=4       2.50e-04 150.00   0.5000     A   163  0.001111     1.52 0.0007311  0.02797   0.0282 0.03973
thin, node mesh 64a        2.50e-04  48.00   0.0625     A   162   0.00193    1.481 0.001303   0.1247   0.1247 0.01548
thin, node mesh 16a        2.50e-04  12.00   0.0625     A   165  0.001245    1.489 0.0008357   0.1348   0.1348 0.009234
thin, node mesh 4a         2.50e-04   3.00   0.0625     A   167   0.00393    1.498 0.002624   0.1372   0.1362 0.02865
thin, node mesh 2a         2.50e-04   1.50   0.0625     A   148   0.04566    2.048  0.02229   0.1404  0.09993  0.3251
a=1e-3, node mesh 2a       1.00e-03   1.50   0.0625     A   146    0.1355    2.037   0.0665   0.1018   0.1008   1.331
a=2.5e-3, node mesh 2a     2.50e-03   1.50   0.0625     A   159    0.2663    1.927   0.1382  0.09108   0.2461   2.924
a=1e-2, node mesh 8a       1.00e-02   6.00   0.0625     A   151   0.03532    4.024 0.008778  0.01055    0.038   3.349
a=1e-2, node mesh 4a       1.00e-02   3.00   0.0625     A   166   0.03269    4.118 0.007938  0.03763  0.06166  0.8686
a=1e-2, node mesh 2.5a     1.00e-02   1.88   0.0625     A   150    0.2497    4.168  0.05992  0.04502   0.2733   5.547
a=1e-2, node mesh 1.67a    1.00e-02   1.25   0.0625     A   161     1.038    4.243   0.2446  0.05296   0.9962    19.6
a=1e-2, node mesh 1.2a     1.00e-02   0.90   0.0625     A   167     1.063    4.639   0.2291  0.08136    0.982   13.06
a=2.5e-2, node mesh 4a     2.50e-02   3.00   0.0625     A   144   0.04047    8.355 0.004844   0.1551     0.19  0.2609
a=2.5e-2, node mesh 2a     2.50e-02   1.50   0.0625     A   163     1.071    8.502    0.126   0.0945    1.166   11.34
HEADLINE poor 2.5a         1.00e-02   1.88   0.0625  poor   150     4.597    7.874   0.5839  0.08719    4.514   52.73
poor 1.67a                 1.00e-02   1.25   0.0625  poor   161     4.061    10.59   0.3836  0.05462    4.009   74.34
poor 4a                    1.00e-02   3.00   0.0625  poor   166   0.07636    6.947  0.01099    0.126  0.07094  0.6062
poor, thin a=2.5e-4        2.50e-04 150.00   0.5000  poor   163   0.01065    6.084  0.00175  0.04146  0.03508  0.2568
ratio 1/32                 1.00e-02   1.25   0.0312     A   161     1.043    4.269   0.2444  0.07495   0.9727   13.92
ratio 1/4                  1.00e-02   1.25   0.2500     A   161    0.8321    4.222   0.1971   0.0355   0.8315   23.44
ratio 1/2                  1.00e-02   1.25   0.5000     A   161    0.3722    4.203  0.08854  0.02302   0.3926   16.17
WA7ARK ratio 1:3.43        1.00e-02   1.25   0.2915     A   161    0.7508    4.214   0.1782  0.03251   0.7624   23.09
rich soil (20,.03)         1.00e-02   1.88   0.0625  rich   150   0.02064    1.394   0.0148  0.05631  0.05298  0.3665
depth 1.0 m                1.00e-02   1.88   0.0625  poor   168    0.6949    2.146   0.3238  0.02117   0.6861   32.82
14.2 MHz                   1.00e-02   1.88   0.0625  poor    98     3.728    6.837   0.5453   0.9946    4.013   3.748
3.55 MHz                   1.00e-02   1.88   0.0625  poor   102     3.903    17.49   0.2232      1.3    2.966   3.003
far wire 4x FATTER         1.00e-02   1.88   4.0000  poor   138    0.3356    8.672  0.03869    3.369    3.696 0.09961
far wire 16x FATTER        1.00e-02   1.88  16.0000  poor   130     6.311    34.29   0.1841    26.16    19.85  0.2412
wrote scratch/u5-mixed-radius/d_sd_map.json
