{'mode': 'v1b', 'expect': 'src', 'momwire_file': '/home/smburns/stevenmburns/momwire-wt-u5src/src/momwire/__init__.py'}
b ratio2 L=0.3 r=1: src 460.9783815-397.0432843j harness 460.9783815-397.0432843j rel 0.00e+00
b ratio2 L=0.3 r=2: src 460.5925829-396.9756784j harness 460.5925829-396.9756784j rel 4.52e-14
b ratio2 L=0.3 r=4: src 460.2655736-396.9345644j harness 460.2655736-396.9345644j rel 2.20e-13
b ratio2 L=0.6 r=1: src 273.6358822-191.3966049j harness 273.6358822-191.3966049j rel 1.12e-13
b ratio2 L=0.6 r=2: src 273.5296143-191.3732129j harness 273.5296143-191.3732129j rel 2.48e-13
b ratio2 L=0.6 r=4: src 273.4391004-191.363142j harness 273.4391004-191.363142j rel 3.44e-13
b ratio2 L=1.2 r=1: src 172.5158757-65.39265573j harness 172.5158757-65.39265573j rel 1.25e-13
b ratio2 L=1.2 r=2: src 172.4973305-65.37397179j harness 172.4973305-65.37397179j rel 8.32e-13
b ratio2 L=1.2 r=4: src 172.4800077-65.36610574j harness 172.4800077-65.36610574j rel 3.77e-13
b ratio4 L=0.3 r=1: src 496.3856153-433.3664555j harness 496.3856153-433.3664555j rel 1.53e-13
b ratio4 L=0.3 r=2: src 495.9840993-433.3217678j harness 495.9840993-433.3217678j rel 1.90e-13
b ratio4 L=0.3 r=4: src 495.6172212-433.2980619j harness 495.6172212-433.2980619j rel 2.19e-13
b ratio4 L=0.6 r=1: src 291.477353-208.6295705j harness 291.477353-208.6295705j rel 8.20e-14
b ratio4 L=0.6 r=2: src 291.3672291-208.6138453j harness 291.3672291-208.6138453j rel 3.60e-13
b ratio4 L=0.6 r=4: src 291.2665137-208.6107083j harness 291.2665137-208.6107083j rel 1.30e-12
b ratio4 L=1.2 r=1: src 181.5316034-72.10161607j harness 181.5316034-72.10161607j rel 0.00e+00
b ratio4 L=1.2 r=2: src 181.5127404-72.08614999j harness 181.5127404-72.08614999j rel 1.17e-12
b ratio4 L=1.2 r=4: src 181.4938154-72.08187458j harness 181.4938154-72.08187458j rel 9.01e-13
b ratio05 L=0.3 r=1: src 425.6098553-360.5443061j harness 425.6098553-360.5443061j rel 3.82e-14
b ratio05 L=0.3 r=2: src 425.2608408-360.4459943j harness 425.2608408-360.4459943j rel 3.65e-14
b ratio05 L=0.3 r=4: src 425.0043528-360.3748535j harness 425.0043528-360.3748535j rel 2.96e-13
b ratio05 L=0.6 r=1: src 255.6988058-174.0467748j harness 255.6988058-174.0467748j rel 0.00e+00
b ratio05 L=0.6 r=2: src 255.6021451-174.0135244j harness 255.6021451-174.0135244j rel 3.27e-13
b ratio05 L=0.6 r=4: src 255.5305264-173.9918989j harness 255.5305264-173.9918989j rel 1.76e-12
b ratio05 L=1.2 r=1: src 163.3430527-58.6078783j harness 163.3430527-58.6078783j rel 2.60e-13
b ratio05 L=1.2 r=2: src 163.3246868-58.58612012j harness 163.3246868-58.58612012j rel 5.49e-13
b ratio05 L=1.2 r=4: src 163.3102117-58.57342831j harness 163.3102117-58.57342831j rel 1.37e-13
v1b: worst rel 1.76e-12 -> HIT
saved scratch/u5-mixed-radius/v1_b.json
