tests/test_field_point.py::test_the_composed_point_field_sits_inside_its_measured_envelope[0113]
tests/test_extended_kernel_bspline.py::test_g16_finite_ground_shift_matches_sinusoidal[horizontal-sommerfeld sea]
tests/test_extended_kernel_bspline.py::test_g16_finite_ground_shift_matches_sinusoidal[mono_contact-sommerfeld sea]
tests/test_extended_kernel_bspline.py::test_g18_reduced_sommerfeld_remainder_is_negligible[bent-sea]
tests/test_extended_kernel_bspline.py::test_g16b_finite_ground_does_not_move_the_pec_mismatch[bent-sommerfeld sea]
tests/test_extended_kernel_bspline.py::test_g16b_finite_ground_does_not_move_the_pec_mismatch[mono_lifted-sommerfeld sea]
tests/test_extended_kernel_bspline.py::test_g16b_finite_ground_does_not_move_the_pec_mismatch[mono_contact-sommerfeld sea]
tests/test_extended_kernel_bspline.py::test_g17_hmatrix_agrees_with_the_dense_path_over_finite_ground[sommerfeld sea-32-False]
== main (42112b9 tests, AK venv momwire = submodule 1dbd384)
4.92s call     tests/test_field_point.py::test_the_composed_point_field_sits_inside_its_measured_envelope[0113]
3.07s call     tests/test_extended_kernel_bspline.py::test_g16_finite_ground_shift_matches_sinusoidal[horizontal-sommerfeld sea]
3.05s call     tests/test_extended_kernel_bspline.py::test_g18_reduced_sommerfeld_remainder_is_negligible[bent-sea]
0.02s call     tests/test_extended_kernel_bspline.py::test_g16b_finite_ground_does_not_move_the_pec_mismatch[mono_lifted-sommerfeld sea]
0.02s call     tests/test_extended_kernel_bspline.py::test_g16b_finite_ground_does_not_move_the_pec_mismatch[bent-sommerfeld sea]
0.01s call     tests/test_extended_kernel_bspline.py::test_g17_hmatrix_agrees_with_the_dense_path_over_finite_ground[sommerfeld sea-32-False]
0.01s call     tests/test_extended_kernel_bspline.py::test_g16_finite_ground_shift_matches_sinusoidal[mono_contact-sommerfeld sea]
0.01s call     tests/test_extended_kernel_bspline.py::test_g16b_finite_ground_does_not_move_the_pec_mismatch[mono_contact-sommerfeld sea]
8 passed in 11.63s
== branch (u5src venv)
4.98s call     tests/test_field_point.py::test_the_composed_point_field_sits_inside_its_measured_envelope[0113]
3.06s call     tests/test_extended_kernel_bspline.py::test_g16_finite_ground_shift_matches_sinusoidal[horizontal-sommerfeld sea]
3.02s call     tests/test_extended_kernel_bspline.py::test_g18_reduced_sommerfeld_remainder_is_negligible[bent-sea]
0.02s call     tests/test_extended_kernel_bspline.py::test_g16b_finite_ground_does_not_move_the_pec_mismatch[mono_lifted-sommerfeld sea]
0.02s call     tests/test_extended_kernel_bspline.py::test_g16b_finite_ground_does_not_move_the_pec_mismatch[bent-sommerfeld sea]
0.01s call     tests/test_extended_kernel_bspline.py::test_g17_hmatrix_agrees_with_the_dense_path_over_finite_ground[sommerfeld sea-32-False]
0.01s call     tests/test_extended_kernel_bspline.py::test_g16_finite_ground_shift_matches_sinusoidal[mono_contact-sommerfeld sea]
0.01s call     tests/test_extended_kernel_bspline.py::test_g16b_finite_ground_does_not_move_the_pec_mismatch[mono_contact-sommerfeld sea]
8 passed in 11.62s

[exited with code 0]
