  HED θ=  10 R=  5λ₀ rel=3.218e-02 |E_r|/|E|=2.18e-03 (0.0s)
  HED θ=  10 R= 10λ₀ rel=1.609e-02 |E_r|/|E|=1.09e-03 (0.0s)
  HED θ=  10 R= 20λ₀ rel=8.047e-03 |E_r|/|E|=5.42e-04 (0.0s)
  HED θ=  10 R= 40λ₀ rel=4.023e-03 |E_r|/|E|=2.71e-04 (0.0s)
  HED θ=  10 R= 80λ₀ rel=2.012e-03 |E_r|/|E|=1.35e-04 (0.0s)
  HED θ=  30 R=  5λ₀ rel=3.489e-02 |E_r|/|E|=7.04e-03 (0.0s)
  HED θ=  30 R= 10λ₀ rel=1.745e-02 |E_r|/|E|=3.51e-03 (0.0s)
  HED θ=  30 R= 20λ₀ rel=8.726e-03 |E_r|/|E|=1.75e-03 (0.0s)
  HED θ=  30 R= 40λ₀ rel=4.363e-03 |E_r|/|E|=8.74e-04 (0.0s)
  HED θ=  30 R= 80λ₀ rel=2.182e-03 |E_r|/|E|=4.37e-04 (0.0s)
  HED θ=  50 R=  5λ₀ rel=4.393e-02 |E_r|/|E|=1.48e-02 (0.0s)
  HED θ=  50 R= 10λ₀ rel=2.201e-02 |E_r|/|E|=7.37e-03 (0.0s)
  HED θ=  50 R= 20λ₀ rel=1.101e-02 |E_r|/|E|=3.67e-03 (0.0s)
  HED θ=  50 R= 40λ₀ rel=5.504e-03 |E_r|/|E|=1.83e-03 (0.0s)
  HED θ=  50 R= 80λ₀ rel=2.752e-03 |E_r|/|E|=9.15e-04 (0.0s)
  HED θ=  70 R=  5λ₀ rel=9.593e-02 |E_r|/|E|=4.03e-02 (0.0s)
  HED θ=  70 R= 10λ₀ rel=4.894e-02 |E_r|/|E|=2.06e-02 (0.0s)
  HED θ=  70 R= 20λ₀ rel=2.448e-02 |E_r|/|E|=1.03e-02 (0.0s)
  HED θ=  70 R= 40λ₀ rel=1.220e-02 |E_r|/|E|=5.10e-03 (0.0s)
  HED θ=  70 R= 80λ₀ rel=6.085e-03 |E_r|/|E|=2.54e-03 (0.0s)
  HED θ=  80 R=  5λ₀ rel=2.814e-01 |E_r|/|E|=1.02e-01 (0.0s)
  HED θ=  80 R= 10λ₀ rel=1.524e-01 |E_r|/|E|=5.55e-02 (0.0s)
  HED θ=  80 R= 20λ₀ rel=7.698e-02 |E_r|/|E|=2.81e-02 (0.0s)
  HED θ=  80 R= 40λ₀ rel=3.806e-02 |E_r|/|E|=1.39e-02 (0.0s)
  HED θ=  80 R= 80λ₀ rel=1.884e-02 |E_r|/|E|=6.85e-03 (0.0s)
  VED θ=  10 R=  5λ₀ rel=4.377e-02 |E_r|/|E|=3.61e-01 (0.0s)
  VED θ=  10 R= 10λ₀ rel=2.193e-02 |E_r|/|E|=1.80e-01 (0.0s)
  VED θ=  10 R= 20λ₀ rel=1.098e-02 |E_r|/|E|=9.01e-02 (0.0s)
  VED θ=  10 R= 40λ₀ rel=5.492e-03 |E_r|/|E|=4.50e-02 (0.0s)
  VED θ=  10 R= 80λ₀ rel=2.747e-03 |E_r|/|E|=2.25e-02 (0.0s)
  VED θ=  30 R=  5λ₀ rel=4.662e-02 |E_r|/|E|=1.07e-01 (0.0s)
  VED θ=  30 R= 10λ₀ rel=2.336e-02 |E_r|/|E|=5.34e-02 (0.0s)
  VED θ=  30 R= 20λ₀ rel=1.169e-02 |E_r|/|E|=2.67e-02 (0.0s)
  VED θ=  30 R= 40λ₀ rel=5.847e-03 |E_r|/|E|=1.33e-02 (0.0s)
  VED θ=  30 R= 80λ₀ rel=2.924e-03 |E_r|/|E|=6.66e-03 (0.0s)
  VED θ=  50 R=  5λ₀ rel=5.713e-02 |E_r|/|E|=4.49e-02 (0.0s)
  VED θ=  50 R= 10λ₀ rel=2.865e-02 |E_r|/|E|=2.21e-02 (0.0s)
  VED θ=  50 R= 20λ₀ rel=1.433e-02 |E_r|/|E|=1.10e-02 (0.0s)
  VED θ=  50 R= 40λ₀ rel=7.165e-03 |E_r|/|E|=5.47e-03 (0.0s)
  VED θ=  50 R= 80λ₀ rel=3.582e-03 |E_r|/|E|=2.73e-03 (0.0s)
  VED θ=  70 R=  5λ₀ rel=1.162e-01 |E_r|/|E|=2.05e-02 (0.0s)
  VED θ=  70 R= 10λ₀ rel=5.917e-02 |E_r|/|E|=8.78e-03 (0.0s)
  VED θ=  70 R= 20λ₀ rel=2.954e-02 |E_r|/|E|=3.95e-03 (0.0s)
  VED θ=  70 R= 40λ₀ rel=1.471e-02 |E_r|/|E|=1.85e-03 (0.0s)
  VED θ=  70 R= 80λ₀ rel=7.335e-03 |E_r|/|E|=8.97e-04 (0.0s)
  VED θ=  80 R=  5λ₀ rel=3.131e-01 |E_r|/|E|=9.09e-02 (0.0s)
  VED θ=  80 R= 10λ₀ rel=1.686e-01 |E_r|/|E|=4.90e-02 (0.0s)
  VED θ=  80 R= 20λ₀ rel=8.490e-02 |E_r|/|E|=2.46e-02 (0.0s)
  VED θ=  80 R= 40λ₀ rel=4.192e-02 |E_r|/|E|=1.21e-02 (0.0s)
  VED θ=  80 R= 80λ₀ rel=2.074e-02 |E_r|/|E|=5.94e-03 (0.0s)
[MISS] P-D: {'worst rel at 80 lam0, theta<=70': 0.007335225385177841, 'halving ratios theta<=50': [1.9998442308112734, 1.9999496645738297, 1.99998132094408, 1.9999922384512736, 1.9992072678115387, 1.9997209078195843, 1.999889639680411, 1.9999520034837341, 1.9959755514396016, 1.999318327475468, 2.0000091872220023, 2.0000907007933515, 1.99549790208618, 1.9978242577464438, 1.998931190846461, 1.9994703348115181, 1.9957525017529434, 1.9982188376102528, 1.999196214233559, 1.9996196360552787, 1.9940974930784783, 1.999191719082554, 2.000151382411857, 2.0002118831829865]}
