(a) cond(G) at h/lam = 0.20, eps_r = 9.0, a'/a = 1.8517
    rung            120       160       240       320       500       640       800      1000
    Delta/a'      0.708     0.531     0.354     0.266     0.170     0.133     0.106     0.085
    bare       2.19e+02  2.47e+02  2.79e+02  2.95e+02  5.01e+02  5.70e+03  1.00e+05  3.89e+06   x17724
    L-only     3.12e+02  3.51e+02  3.92e+02  4.11e+02  1.05e+03  4.21e+04  6.43e+04  7.66e+04   x245
    a-only     9.97e+01  1.06e+02  1.95e+02  2.46e+03  9.88e+05  1.21e+08  7.08e+10  2.20e+12   x22025288134
    a'+L       1.04e+02  1.09e+02  6.62e+02  7.79e+03  1.75e+04  1.53e+04  8.22e+03  6.49e+03   x63

(b) conductance-peak h/lam pushed down the ladder, eps_r = 9.0
    rung         240    320    500    640    800   1000
    bare      0.2202 0.2202 0.2182 0.2182 0.2182 0.2222
    L-only    0.2001 0.2001 0.2001 0.1821 0.2262 0.3042
    a-only    0.2101 0.2081 0.2061 0.1661 0.2962 0.2202
    a'+L      0.1861 0.2642 0.1281 0.1761 0.1761 0.1841

(a) cond(G) at h/lam = 0.20, eps_r = 3.5, a'/a = 1.6407
    rung            120       160       240       320       500       640       800      1000
    Delta/a'      0.799     0.599     0.400     0.300     0.192     0.150     0.120     0.096
    bare       2.19e+02  2.47e+02  2.79e+02  2.95e+02  5.01e+02  5.70e+03  1.00e+05  3.89e+06   x17724
    L-only     3.01e+02  3.39e+02  3.79e+02  3.99e+02  8.66e+02  2.11e+05  1.64e+05  1.08e+05   x359
    a-only     1.18e+02  1.27e+02  1.38e+02  7.65e+02  1.44e+05  9.78e+06  1.31e+09  3.06e+12   x25873441386
    a'+L       1.37e+02  1.46e+02  1.55e+02  6.60e+04  4.84e+04  9.88e+03  1.91e+04  3.58e+04   x261

(b) conductance-peak h/lam pushed down the ladder, eps_r = 3.5
    rung         240    320    500    640    800   1000
    bare      0.2202 0.2202 0.2182 0.2182 0.2182 0.2222
    L-only    0.2041 0.2041 0.2021 0.3162 0.2081 0.2542
    a-only    0.2121 0.2101 0.2101 0.2021 0.1841 0.2602
    a'+L      0.1941 0.2802 0.2322 0.2141 0.3142 0.2822

