(a) G(h) across the peak, SinusoidalSolver, arm a'+L, eps_r=9.0
    h/lam      lam/240     lam/280     lam/320 
    0.1701     11.5478    34.2404     5.7193 <
    0.1751     14.5460    41.2107    30.7178 <
    0.1801     17.0393    10.9465   291.7244 <
    0.1851     18.1358    39.9602     1.8974 <
    0.1901     17.4875    11.5334    31.0694 <
    0.1951     15.6854    59.7978     6.6712 <
    0.2001     13.4954    26.3607    35.2045 <
    0.2051     11.4181     7.8883    43.3075 <
    0.2101      9.6127    18.4354     3.7630 <
    0.2151      8.1797     5.7901    71.5879 <
    0.2202      7.0319    33.4979     2.7181 <
    0.2252      6.1139    10.4775    36.7703 <
    0.2302      5.3756     4.5259    10.8411 <
    0.2352      4.7660    10.2201     6.3543 <
    0.2402      4.2771     3.3171     7.7203 <
    0.2452      3.8718    27.4948     0.8672 <
    0.2502      3.5326     5.5887     1.1949 <
    0.2552      3.2459     3.9263     5.6092 <
    0.2602      2.9974     7.4943    11.6314 <
    0.2652      2.7879     2.0041     4.9883 <
    0.2702      2.6063    73.2156     5.9117 <
    0.2752      2.4478     3.7398     1.1453 <
    0.2802      2.3086     5.1729     6.2046 <
    0.2852      2.1837     6.6454     2.9690 <
    0.2902      2.0747     1.7414     4.2110 <
      lam/240: peak at h/lam = 0.1851, G = 18.1358 mS
      lam/280: peak at h/lam = 0.2702, G = 73.2156 mS
      lam/320: peak at h/lam = 0.1801, G = 291.7244 mS

(b) cond(G) and |Z_in| at h/lam = 0.20, SinusoidalSolver, eps_r=9.0
    arm          lam/120      lam/160      lam/240      lam/280      lam/320  
    bare        2.194e+02   2.474e+02   2.788e+02   2.880e+02   2.949e+02
      |Z|          73.107      70.659      62.286      54.974      45.001
    a-only      9.973e+01   1.064e+02   1.946e+02   6.828e+02   2.464e+03
      |Z|          53.337      39.135       7.236       2.224       0.635
    L-only      3.125e+02   3.507e+02   3.917e+02   4.029e+02   4.109e+02
      |Z|          56.446      56.089      54.182      51.465      45.765
    a'+L        1.037e+02   1.087e+02   6.620e+02   1.832e+04   7.786e+03
      |Z|          68.803      56.686       3.790       5.058       6.715

(c) fine rung ladder, SinusoidalSolver, eps_r=9.0
    a-only    0.2101 0.2101 0.2101 0.2081 0.2081 0.2081 0.2081 0.2081 0.2081
    L-only    0.2001 0.2001 0.2001 0.2001 0.2001 0.2001 0.2001 0.2001 0.2001
    a'+L      0.1861 0.1861 0.1861 0.3182 0.1601 0.2742 0.2642 0.3042 0.2642
    rung         160    200    240    260    280    300    320    360    400
    Delta/a'   0.531  0.425  0.354  0.327  0.304  0.283  0.266  0.236  0.212

(a) G(h) across the peak, BSplineSolver, arm a'+L, eps_r=9.0
    h/lam      lam/240     lam/280     lam/320 
    0.1701     11.5917     3.4201    56.6259 <
    0.1751     14.5813    37.3371     1.0780 <
    0.1801     17.0659   160.0423    61.2649 <
    0.1851     18.1473     3.3881    39.7416 <
    0.1901     17.4698    32.6186     1.0739 <
    0.1951     15.6632     4.3402    42.6314 <
    0.2001     13.4714    53.8363     1.2734 <
    0.2051     11.3987    29.9710   128.7463 <
    0.2101      9.5930     3.6865    59.4740 <
    0.2151      8.1639    13.8640     1.1963 <
    0.2202      7.0205     1.0945    18.4952 <
    0.2252      6.1051  9931.4337     0.2266 <
    0.2302      5.3690    10.0420     1.1872 <
    0.2352      4.7595     2.3847    11.3273 <
    0.2402      4.2719     7.1461     1.0254 <
    0.2452      3.8678     0.6585    16.7184 <
    0.2502      3.5294     0.1931    42.8144 <
    0.2552      3.2433     5.2107     0.6906 <
    0.2602      2.9948     1.6603     6.3526 <
    0.2652      2.7857     7.9029     0.2870 <
    0.2702      2.6045    15.5221     5.8575 <
    0.2752      2.4463     1.0403     5.7336 <
    0.2802      2.3073     3.4487     0.8640 <
    0.2852      2.1824     1.2094     5.7051 <
    0.2902      2.0736   176.1034   864.3305 <
      lam/240: peak at h/lam = 0.1851, G = 18.1473 mS
      lam/280: peak at h/lam = 0.2252, G = 9931.4337 mS
      lam/320: peak at h/lam = 0.2902, G = 864.3305 mS

(c) fine rung ladder, BSplineSolver, eps_r=9.0
    a-only    0.2101 0.2101 0.2101 0.2081 0.2081 0.2081 0.2081 0.2081 0.2081
    L-only    0.2021 0.2001 0.2001 0.2001 0.2001 0.2001 0.2001 0.2001 0.2001
    a'+L      0.1881 0.1861 0.1861 0.2021 0.1881 0.1501 0.2982 0.1881 0.1681
    rung         160    200    240    260    280    300    320    360    400
    Delta/a'   0.531  0.425  0.354  0.327  0.304  0.283  0.266  0.236  0.212

