cond(G) against Delta / a_kernel, h/lam = 0.20, 600 MHz
If the ratio governs, every row knees in the same COLUMN — including
the two rows whose conductor radius differs by 6x at matched ratio.

    case                 1.00     0.70     0.50     0.40     0.35     0.30     0.25     0.20     0.15     0.10
    bare a=3.175mm    2.5e+02  2.7e+02  2.9e+02  3.0e+02  3.1e+02  7.7e+02  4.8e+03  8.3e+04  9.8e+06  8.5e+11
      a_k, nsegs      3.175mm       64       90      126      158      180      210      252      316      420
    bare a=1.0mm      1.6e+03  1.7e+03  1.9e+03  1.9e+03  1.9e+03  2.0e+03  4.8e+03  8.0e+04  9.6e+06  1.9e+11
      a_k, nsegs      1.000mm      200      286      400      500      572      666      800     1000     1332
    bare a=6.0mm      8.7e+01  9.7e+01  1.0e+02  1.1e+02  2.3e+02  8.2e+02  5.0e+03  8.9e+04  9.5e+06  3.2e+11
      a_k, nsegs      6.000mm       34       48       68       84       96      112      134      168      222
    coated eps=3.5    1.3e+02  1.4e+02  1.5e+02  1.5e+02  4.4e+02  6.6e+04  3.4e+05  1.7e+04  9.9e+03  3.2e+04
      a_k, nsegs      5.209mm       38       56       78       96      110      128      154      192      256
    coated eps=9      9.5e+01  1.0e+02  1.1e+02  1.3e+02  1.3e+03  8.8e+03  1.6e+04  6.1e+03  4.9e+04  7.6e+03
      a_k, nsegs      5.879mm       34       50       68       86       98      114      136      170      228
    coated eps=15     8.8e+01  9.6e+01  1.0e+02  1.2e+02  1.4e+03  2.1e+04  3.3e+04  2.9e+04  5.6e+03  1.2e+04
      a_k, nsegs      6.063mm       34       48       66       82       94      110      132      166      220

First ratio at which cond exceeds 1e4 (the knee), per case:
    bare a=3.175mm   0.2
    bare a=1.0mm     0.2
    bare a=6.0mm     0.2
    coated eps=3.5   0.3
    coated eps=9     0.25
    coated eps=15    0.3
