start 2026-09-15T03:36:17Z
rep=1 deck=buried_dipole tree=v055 rc=0 2026-09-15T03:36:18Z
rep=1 deck=buried_dipole tree=main rc=0 2026-09-15T03:36:19Z
rep=1 deck=buried_dipole tree=branch rc=0 2026-09-15T03:36:21Z
rep=1 deck=brv_default tree=v055 rc=0 2026-09-15T03:36:24Z
rep=1 deck=brv_default tree=main rc=0 2026-09-15T03:36:27Z
rep=1 deck=brv_default tree=branch rc=0 2026-09-15T03:36:30Z
rep=1 deck=ebc_default tree=v055 rc=0 2026-09-15T03:36:33Z
rep=1 deck=ebc_default tree=main rc=0 2026-09-15T03:36:36Z
rep=1 deck=ebc_default tree=branch rc=0 2026-09-15T03:36:39Z
rep=1 deck=brv48 tree=v055 rc=0 2026-09-15T03:37:15Z
rep=1 deck=brv48 tree=main rc=0 2026-09-15T03:37:50Z
rep=1 deck=brv48 tree=branch rc=0 2026-09-15T03:38:26Z
rep=1 deck=dipole935 tree=v055 rc=0 2026-09-15T03:38:36Z
rep=1 deck=dipole935 tree=main rc=0 2026-09-15T03:39:05Z
rep=1 deck=dipole935 tree=branch rc=0 2026-09-15T03:39:15Z
rep=1 deck=brv_corner tree=v055 rc=0 2026-09-15T03:39:39Z
rep=1 deck=brv_corner tree=main rc=0 2026-09-15T03:40:31Z
rep=1 deck=brv_corner tree=branch rc=0 2026-09-15T03:40:55Z
rep=1 deck=dipole1mm tree=main rc=0 2026-09-15T03:41:23Z
rep=1 deck=dipole1mm tree=branch rc=0 2026-09-15T03:41:52Z
rep=1 deck=twonode11 tree=main rc=0 2026-09-15T03:42:24Z
rep=1 deck=twonode11 tree=branch rc=0 2026-09-15T03:42:56Z
rep=2 deck=buried_dipole tree=main rc=0 2026-09-15T03:42:57Z
rep=2 deck=buried_dipole tree=branch rc=0 2026-09-15T03:42:59Z
rep=2 deck=buried_dipole tree=v055 rc=0 2026-09-15T03:43:00Z
rep=2 deck=brv_default tree=main rc=0 2026-09-15T03:43:03Z
rep=2 deck=brv_default tree=branch rc=0 2026-09-15T03:43:06Z
rep=2 deck=brv_default tree=v055 rc=0 2026-09-15T03:43:10Z
rep=2 deck=ebc_default tree=main rc=0 2026-09-15T03:43:13Z
rep=2 deck=ebc_default tree=branch rc=0 2026-09-15T03:43:15Z
rep=2 deck=ebc_default tree=v055 rc=0 2026-09-15T03:43:18Z
rep=2 deck=brv48 tree=main rc=0 2026-09-15T03:43:54Z
rep=2 deck=brv48 tree=branch rc=0 2026-09-15T03:44:29Z
rep=2 deck=brv48 tree=v055 rc=0 2026-09-15T03:45:05Z
rep=2 deck=dipole935 tree=main rc=0 2026-09-15T03:45:33Z
rep=2 deck=dipole935 tree=branch rc=0 2026-09-15T03:45:43Z
rep=2 deck=dipole935 tree=v055 rc=0 2026-09-15T03:45:54Z
rep=2 deck=brv_corner tree=main rc=0 2026-09-15T03:46:45Z
rep=2 deck=brv_corner tree=branch rc=0 2026-09-15T03:47:09Z
rep=2 deck=brv_corner tree=v055 rc=0 2026-09-15T03:47:33Z
rep=2 deck=dipole1mm tree=main rc=0 2026-09-15T03:48:02Z
rep=2 deck=dipole1mm tree=branch rc=0 2026-09-15T03:48:30Z
rep=2 deck=twonode11 tree=main rc=0 2026-09-15T03:49:02Z
rep=2 deck=twonode11 tree=branch rc=0 2026-09-15T03:49:37Z
rep=3 deck=buried_dipole tree=branch rc=0 2026-09-15T03:49:39Z
rep=3 deck=buried_dipole tree=v055 rc=0 2026-09-15T03:49:40Z
rep=3 deck=buried_dipole tree=main rc=0 2026-09-15T03:49:41Z
rep=3 deck=brv_default tree=branch rc=0 2026-09-15T03:49:45Z
rep=3 deck=brv_default tree=v055 rc=0 2026-09-15T03:49:48Z
rep=3 deck=brv_default tree=main rc=0 2026-09-15T03:49:51Z
rep=3 deck=ebc_default tree=branch rc=0 2026-09-15T03:49:54Z
rep=3 deck=ebc_default tree=v055 rc=0 2026-09-15T03:49:57Z
rep=3 deck=ebc_default tree=main rc=0 2026-09-15T03:50:00Z
rep=3 deck=brv48 tree=branch rc=0 2026-09-15T03:50:37Z
rep=3 deck=brv48 tree=v055 rc=0 2026-09-15T03:51:12Z
rep=3 deck=brv48 tree=main rc=0 2026-09-15T03:51:47Z
rep=3 deck=dipole935 tree=branch rc=0 2026-09-15T03:51:58Z
rep=3 deck=dipole935 tree=v055 rc=0 2026-09-15T03:52:08Z
rep=3 deck=dipole935 tree=main rc=0 2026-09-15T03:52:36Z
rep=3 deck=brv_corner tree=branch rc=0 2026-09-15T03:53:01Z
rep=3 deck=brv_corner tree=v055 rc=0 2026-09-15T03:53:25Z
rep=3 deck=brv_corner tree=main rc=0 2026-09-15T03:54:16Z
rep=3 deck=dipole1mm tree=branch rc=0 2026-09-15T03:54:44Z
rep=3 deck=dipole1mm tree=main rc=0 2026-09-15T03:55:13Z
rep=3 deck=twonode11 tree=branch rc=0 2026-09-15T03:55:45Z
rep=3 deck=twonode11 tree=main rc=0 2026-09-15T03:56:17Z
done 2026-09-15T03:56:17Z
