start 2026-09-15T02:26:52Z
rep=1 deck=buried_dipole tree=v055 rc=0 2026-09-15T02:26:53Z
rep=1 deck=buried_dipole tree=main rc=0 2026-09-15T02:26:55Z
rep=1 deck=buried_dipole tree=branch rc=0 2026-09-15T02:26:56Z
rep=1 deck=brv_default tree=v055 rc=0 2026-09-15T02:26:59Z
rep=1 deck=brv_default tree=main rc=0 2026-09-15T02:27:03Z
rep=1 deck=brv_default tree=branch rc=0 2026-09-15T02:27:06Z
rep=1 deck=ebc_default tree=v055 rc=0 2026-09-15T02:27:09Z
rep=1 deck=ebc_default tree=main rc=0 2026-09-15T02:27:12Z
rep=1 deck=ebc_default tree=branch rc=0 2026-09-15T02:27:15Z
rep=1 deck=brv48 tree=v055 rc=0 2026-09-15T02:27:51Z
rep=1 deck=brv48 tree=main rc=0 2026-09-15T02:28:26Z
rep=1 deck=brv48 tree=branch rc=0 2026-09-15T02:29:02Z
rep=1 deck=dipole935 tree=v055 rc=0 2026-09-15T02:29:12Z
rep=1 deck=dipole935 tree=main rc=0 2026-09-15T02:29:40Z
rep=1 deck=dipole935 tree=branch rc=0 2026-09-15T02:29:51Z
rep=1 deck=brv_corner tree=v055 rc=0 2026-09-15T02:30:15Z
rep=1 deck=brv_corner tree=main rc=0 2026-09-15T02:31:06Z
rep=1 deck=brv_corner tree=branch rc=0 2026-09-15T02:31:30Z
rep=1 deck=dipole1mm tree=main rc=0 2026-09-15T02:31:59Z
rep=1 deck=dipole1mm tree=branch rc=0 2026-09-15T02:32:30Z
rep=1 deck=twonode11 tree=main rc=0 2026-09-15T02:33:02Z
rep=1 deck=twonode11 tree=branch rc=0 2026-09-15T02:33:41Z
rep=2 deck=buried_dipole tree=main rc=0 2026-09-15T02:33:42Z
rep=2 deck=buried_dipole tree=branch rc=0 2026-09-15T02:33:44Z
rep=2 deck=buried_dipole tree=v055 rc=0 2026-09-15T02:33:45Z
rep=2 deck=brv_default tree=main rc=0 2026-09-15T02:33:48Z
rep=2 deck=brv_default tree=branch rc=0 2026-09-15T02:33:52Z
rep=2 deck=brv_default tree=v055 rc=0 2026-09-15T02:33:55Z
rep=2 deck=ebc_default tree=main rc=0 2026-09-15T02:33:58Z
rep=2 deck=ebc_default tree=branch rc=0 2026-09-15T02:34:01Z
rep=2 deck=ebc_default tree=v055 rc=0 2026-09-15T02:34:03Z
rep=2 deck=brv48 tree=main rc=0 2026-09-15T02:34:39Z
rep=2 deck=brv48 tree=branch rc=0 2026-09-15T02:35:14Z
rep=2 deck=brv48 tree=v055 rc=0 2026-09-15T02:35:50Z
rep=2 deck=dipole935 tree=main rc=0 2026-09-15T02:36:18Z
rep=2 deck=dipole935 tree=branch rc=0 2026-09-15T02:36:28Z
rep=2 deck=dipole935 tree=v055 rc=0 2026-09-15T02:36:39Z
rep=2 deck=brv_corner tree=main rc=0 2026-09-15T02:37:30Z
rep=2 deck=brv_corner tree=branch rc=0 2026-09-15T02:37:55Z
rep=2 deck=brv_corner tree=v055 rc=0 2026-09-15T02:38:19Z
rep=2 deck=dipole1mm tree=main rc=0 2026-09-15T02:38:48Z
rep=2 deck=dipole1mm tree=branch rc=0 2026-09-15T02:39:19Z
rep=2 deck=twonode11 tree=main rc=0 2026-09-15T02:39:51Z
rep=2 deck=twonode11 tree=branch rc=0 2026-09-15T02:40:26Z
rep=3 deck=buried_dipole tree=branch rc=0 2026-09-15T02:40:27Z
rep=3 deck=buried_dipole tree=v055 rc=0 2026-09-15T02:40:29Z
rep=3 deck=buried_dipole tree=main rc=0 2026-09-15T02:40:30Z
rep=3 deck=brv_default tree=branch rc=0 2026-09-15T02:40:33Z
rep=3 deck=brv_default tree=v055 rc=0 2026-09-15T02:40:36Z
rep=3 deck=brv_default tree=main rc=0 2026-09-15T02:40:40Z
rep=3 deck=ebc_default tree=branch rc=0 2026-09-15T02:40:43Z
rep=3 deck=ebc_default tree=v055 rc=0 2026-09-15T02:40:45Z
rep=3 deck=ebc_default tree=main rc=0 2026-09-15T02:40:48Z
rep=3 deck=brv48 tree=branch rc=0 2026-09-15T02:41:24Z
rep=3 deck=brv48 tree=v055 rc=0 2026-09-15T02:41:59Z
rep=3 deck=brv48 tree=main rc=0 2026-09-15T02:42:34Z
rep=3 deck=dipole935 tree=branch rc=0 2026-09-15T02:42:45Z
rep=3 deck=dipole935 tree=v055 rc=0 2026-09-15T02:42:55Z
rep=3 deck=dipole935 tree=main rc=0 2026-09-15T02:43:24Z
rep=3 deck=brv_corner tree=branch rc=0 2026-09-15T02:43:48Z
rep=3 deck=brv_corner tree=v055 rc=0 2026-09-15T02:44:12Z
rep=3 deck=brv_corner tree=main rc=0 2026-09-15T02:45:03Z
rep=3 deck=dipole1mm tree=branch rc=0 2026-09-15T02:45:34Z
rep=3 deck=dipole1mm tree=main rc=0 2026-09-15T02:46:03Z
rep=3 deck=twonode11 tree=branch rc=0 2026-09-15T02:46:37Z
rep=3 deck=twonode11 tree=main rc=0 2026-09-15T02:47:09Z
done 2026-09-15T02:47:09Z
