eps1   x1  calls 1 nonrec 2.770e-04  Z11 13.906-862.804j (bs 14.444-894.678j)  Z22 4.584-3032.757j (bs 5.232-3301.693j)  0.16s
eps1   x2  calls 1 nonrec 7.204e-05 ( 3.85x)  Z11 13.884-857.805j (bs 14.178-875.454j)  Z22 4.540-2983.047j (bs 4.897-3128.311j)  0.34s
eps1   x4  calls 1 nonrec 1.470e-05 ( 4.90x)  Z11 13.864-854.729j (bs 14.033-864.705j)  Z22 4.507-2951.736j (bs 4.705-3032.077j)  0.60s
eps1   x8  calls 1 nonrec 2.454e-06 ( 5.99x)  Z11 13.848-852.702j (bs 13.948-858.540j)  Z22 4.483-2931.276j (bs 4.597-2977.702j)  1.54s
eps1   x16 calls 1 nonrec 1.851e-07 (13.26x)  Z11 13.835-851.270j (bs 13.896-854.838j)  Z22 4.465-2917.125j (bs 4.534-2945.328j)  5.73s
soilA  x1  calls 1 nonrec 6.450e-04  Z11 197.907-213.038j (bs 205.816-225.907j)  Z22 165.611-153.925j (bs 189.394-171.599j)  0.83s
soilA  x2  calls 1 nonrec 1.601e-04 ( 4.03x)  Z11 197.918-209.035j (bs 201.975-216.305j)  Z22 162.771-150.119j (bs 175.287-159.786j)  0.27s
soilA  x4  calls 1 nonrec 4.039e-05 ( 3.96x)  Z11 197.673-206.993j (bs 199.865-211.043j)  Z22 160.848-148.133j (bs 167.662-153.502j)  0.56s
soilA  x8  calls 1 nonrec 1.265e-05 ( 3.19x)  Z11 197.431-205.792j (bs 198.692-208.116j)  Z22 159.540-146.913j (bs 163.442-150.013j)  1.64s
soilA  x16 calls 1 nonrec 7.607e-06 ( 1.66x)  Z11 197.231-205.001j (bs 198.003-206.390j)  Z22 158.610-146.078j (bs 160.964-147.955j)  6.40s
diel13 x1  calls 1 nonrec 2.883e-04  Z11 57.985-297.482j (bs 57.770-315.145j)  Z22 1.668-299.128j (bs 2.002-334.945j)  0.58s
diel13 x2  calls 1 nonrec 7.345e-05 ( 3.93x)  Z11 58.173-293.176j (bs 58.028-303.027j)  Z22 1.642-292.772j (bs 1.822-312.101j)  0.34s
diel13 x4  calls 1 nonrec 2.388e-05 ( 3.08x)  Z11 58.259-290.863j (bs 58.181-296.351j)  Z22 1.626-289.130j (bs 1.724-299.791j)  1.09s
diel13 x8  calls 1 nonrec 1.038e-05 ( 2.30x)  Z11 58.305-289.455j (bs 58.262-292.618j)  Z22 1.614-286.806j (bs 1.671-292.945j)  1.76s
diel13 x16 calls 1 nonrec 7.155e-06 ( 1.45x)  Z11 58.332-288.507j (bs 58.308-290.412j)  Z22 1.606-285.194j (bs 1.640-288.908j)  6.33s
diel80 x1  calls 1 nonrec 9.754e-03  Z11 73.581-77.137j (bs 72.209-80.264j)  Z22 2.960-20.481j (bs 3.574-17.675j)  0.87s
diel80 x2  calls 1 nonrec 2.449e-03 ( 3.98x)  Z11 74.085-72.391j (bs 73.206-75.058j)  Z22 3.150-17.846j (bs 3.417-17.105j)  1.06s
diel80 x4  calls 1 nonrec 6.260e-04 ( 3.91x)  Z11 74.341-70.415j (bs 73.809-72.144j)  Z22 3.208-17.036j (bs 3.339-16.819j)  0.74s
diel80 x8  calls 1 nonrec 1.750e-04 ( 3.58x)  Z11 74.487-69.422j (bs 74.166-70.466j)  Z22 3.224-16.731j (bs 3.295-16.651j)  1.72s
diel80 x16 calls 1 nonrec 6.615e-05 ( 2.65x)  Z11 74.581-68.828j (bs 74.384-69.451j)  Z22 3.228-16.585j (bs 3.270-16.546j)  6.38s
lossy  x1  calls 1 nonrec 1.212e-02  Z11 113.999-27.821j (bs 116.807-25.969j)  Z22 45.842+27.367j (bs 51.186+40.888j)  7.57s
lossy  x2  calls 1 nonrec 2.751e-03 ( 4.41x)  Z11 115.216-25.034j (bs 116.229-24.388j)  Z22 46.115+26.840j (bs 48.807+33.686j)  1.28s
lossy  x4  calls 1 nonrec 6.793e-04 ( 4.05x)  Z11 115.520-23.890j (bs 115.929-23.570j)  Z22 45.926+26.182j (bs 47.449+29.798j)  0.75s
lossy  x8  calls 1 nonrec 1.837e-04 ( 3.70x)  Z11 115.593-23.326j (bs 115.789-23.112j)  Z22 45.711+25.688j (bs 46.614+27.724j)  1.84s
lossy  x16 calls 1 nonrec 5.921e-05 ( 3.10x)  Z11 115.607-23.005j (bs 115.718-22.838j)  Z22 45.531+25.325j (bs 46.090+26.540j)  6.57s
