eps1   x1  nonrec 2.770e-04  Z11 13.906-862.804j (bs 14.444-894.678j)  Z22 4.584-3032.757j (bs 5.232-3301.693j)  0.2s
eps1   x2  nonrec 7.203e-05 (3.85x)  Z11 13.884-857.805j (bs 14.178-875.454j)  Z22 4.540-2983.047j (bs 4.897-3128.311j)  0.5s
eps1   x4  nonrec 1.485e-05 (4.85x)  Z11 13.864-854.728j (bs 14.033-864.706j)  Z22 4.507-2951.736j (bs 4.705-3032.077j)  0.7s
eps1   x8  nonrec 2.660e-06 (5.58x)  Z11 13.848-852.701j (bs 13.948-858.540j)  Z22 4.483-2931.275j (bs 4.597-2977.702j)  2.1s
eps1   x16 nonrec 3.831e-07 (6.94x)  Z11 13.835-851.270j (bs 13.896-854.838j)  Z22 4.465-2917.124j (bs 4.534-2945.328j)  9.0s
soilA  x1  nonrec 6.450e-04  Z11 197.907-213.038j (bs 205.816-225.907j)  Z22 165.611-153.925j (bs 189.394-171.599j)  0.8s
soilA  x2  nonrec 1.556e-04 (4.15x)  Z11 197.936-209.004j (bs 201.976-216.303j)  Z22 162.770-150.117j (bs 175.287-159.786j)  0.3s
soilA  x4  nonrec 3.672e-05 (4.24x)  Z11 197.701-206.946j (bs 199.867-211.040j)  Z22 160.846-148.130j (bs 167.661-153.502j)  0.8s
soilA  x8  nonrec 8.648e-06 (4.25x)  Z11 197.464-205.737j (bs 198.694-208.113j)  Z22 159.539-146.910j (bs 163.442-150.012j)  2.3s
soilA  x16 nonrec 2.064e-06 (4.19x)  Z11 197.266-204.942j (bs 198.005-206.386j)  Z22 158.608-146.075j (bs 160.964-147.955j)  9.3s
diel13 x1  nonrec 2.883e-04  Z11 57.985-297.482j (bs 57.770-315.145j)  Z22 1.668-299.128j (bs 2.002-334.945j)  0.6s
diel13 x2  nonrec 6.753e-05 (4.27x)  Z11 58.174-293.153j (bs 58.028-303.025j)  Z22 1.642-292.769j (bs 1.822-312.101j)  0.4s
diel13 x4  nonrec 1.861e-05 (3.63x)  Z11 58.261-290.827j (bs 58.181-296.349j)  Z22 1.626-289.126j (bs 1.724-299.790j)  1.2s
diel13 x8  nonrec 5.295e-06 (3.52x)  Z11 58.307-289.413j (bs 58.262-292.616j)  Z22 1.615-286.801j (bs 1.671-292.945j)  2.3s
diel13 x16 nonrec 1.514e-06 (3.50x)  Z11 58.335-288.462j (bs 58.308-290.409j)  Z22 1.606-285.189j (bs 1.640-288.908j)  9.5s
diel80 x1  nonrec 9.754e-03  Z11 73.581-77.137j (bs 72.209-80.264j)  Z22 2.960-20.481j (bs 3.574-17.675j)  0.7s
diel80 x2  nonrec 2.419e-03 (4.03x)  Z11 74.089-72.341j (bs 73.206-75.055j)  Z22 3.151-17.843j (bs 3.417-17.105j)  0.9s
diel80 x4  nonrec 5.978e-04 (4.05x)  Z11 74.347-70.337j (bs 73.810-72.140j)  Z22 3.208-17.032j (bs 3.339-16.819j)  0.9s
diel80 x8  nonrec 1.476e-04 (4.05x)  Z11 74.493-69.330j (bs 74.166-70.461j)  Z22 3.225-16.728j (bs 3.295-16.651j)  2.3s
diel80 x16 nonrec 3.650e-05 (4.04x)  Z11 74.589-68.730j (bs 74.384-69.445j)  Z22 3.228-16.581j (bs 3.270-16.546j)  9.2s
lossy  x1  nonrec 1.212e-02  Z11 113.999-27.821j (bs 116.807-25.969j)  Z22 45.842+27.367j (bs 51.186+40.888j)  6.9s
lossy  x2  nonrec 2.741e-03 (4.42x)  Z11 115.223-24.975j (bs 116.230-24.384j)  Z22 46.116+26.841j (bs 48.807+33.686j)  1.1s
lossy  x4  nonrec 6.606e-04 (4.15x)  Z11 115.532-23.799j (bs 115.930-23.564j)  Z22 45.927+26.183j (bs 47.449+29.798j)  0.8s
lossy  x8  nonrec 1.628e-04 (4.06x)  Z11 115.607-23.219j (bs 115.790-23.106j)  Z22 45.712+25.689j (bs 46.614+27.724j)  2.3s
lossy  x16 nonrec 4.032e-05 (4.04x)  Z11 115.622-22.891j (bs 115.719-22.831j)  Z22 45.532+25.326j (bs 46.090+26.540j)  9.3s
