start 2026-09-14T17:59:06Z
rep=1 deck=buried_dipole tree=/home/smburns/stevenmburns/momwire-wt-u9/src rc=0 2026-09-14T17:59:07Z
rep=1 deck=buried_dipole tree=/home/smburns/stevenmburns/momwire-wt-u9src/src rc=0 2026-09-14T17:59:09Z
rep=1 deck=brv_default tree=/home/smburns/stevenmburns/momwire-wt-u9/src rc=0 2026-09-14T17:59:12Z
rep=1 deck=brv_default tree=/home/smburns/stevenmburns/momwire-wt-u9src/src rc=0 2026-09-14T17:59:15Z
rep=1 deck=ebc_default tree=/home/smburns/stevenmburns/momwire-wt-u9/src rc=0 2026-09-14T17:59:18Z
rep=1 deck=ebc_default tree=/home/smburns/stevenmburns/momwire-wt-u9src/src rc=0 2026-09-14T17:59:21Z
rep=1 deck=dipole935 tree=/home/smburns/stevenmburns/momwire-wt-u9/src rc=0 2026-09-14T17:59:32Z
rep=1 deck=dipole935 tree=/home/smburns/stevenmburns/momwire-wt-u9src/src rc=0 2026-09-14T18:00:00Z
rep=1 deck=brv_corner tree=/home/smburns/stevenmburns/momwire-wt-u9/src rc=0 2026-09-14T18:00:25Z
rep=1 deck=brv_corner tree=/home/smburns/stevenmburns/momwire-wt-u9src/src rc=0 2026-09-14T18:01:17Z
rep=1 deck=brv48 tree=/home/smburns/stevenmburns/momwire-wt-u9/src rc=0 2026-09-14T18:01:52Z
rep=1 deck=brv48 tree=/home/smburns/stevenmburns/momwire-wt-u9src/src rc=0 2026-09-14T18:02:28Z
rep=2 deck=buried_dipole tree=/home/smburns/stevenmburns/momwire-wt-u9src/src rc=0 2026-09-14T18:02:29Z
rep=2 deck=buried_dipole tree=/home/smburns/stevenmburns/momwire-wt-u9/src rc=0 2026-09-14T18:02:31Z
rep=2 deck=brv_default tree=/home/smburns/stevenmburns/momwire-wt-u9src/src rc=0 2026-09-14T18:02:34Z
rep=2 deck=brv_default tree=/home/smburns/stevenmburns/momwire-wt-u9/src rc=0 2026-09-14T18:02:37Z
rep=2 deck=ebc_default tree=/home/smburns/stevenmburns/momwire-wt-u9src/src rc=0 2026-09-14T18:02:40Z
rep=2 deck=ebc_default tree=/home/smburns/stevenmburns/momwire-wt-u9/src rc=0 2026-09-14T18:02:43Z
rep=2 deck=dipole935 tree=/home/smburns/stevenmburns/momwire-wt-u9src/src rc=0 2026-09-14T18:03:12Z
rep=2 deck=dipole935 tree=/home/smburns/stevenmburns/momwire-wt-u9/src rc=0 2026-09-14T18:03:22Z
rep=2 deck=brv_corner tree=/home/smburns/stevenmburns/momwire-wt-u9src/src rc=0 2026-09-14T18:04:13Z
rep=2 deck=brv_corner tree=/home/smburns/stevenmburns/momwire-wt-u9/src rc=0 2026-09-14T18:04:38Z
rep=2 deck=brv48 tree=/home/smburns/stevenmburns/momwire-wt-u9src/src rc=0 2026-09-14T18:05:13Z
rep=2 deck=brv48 tree=/home/smburns/stevenmburns/momwire-wt-u9/src rc=0 2026-09-14T18:05:48Z
rep=3 deck=buried_dipole tree=/home/smburns/stevenmburns/momwire-wt-u9/src rc=0 2026-09-14T18:05:50Z
rep=3 deck=buried_dipole tree=/home/smburns/stevenmburns/momwire-wt-u9src/src rc=0 2026-09-14T18:05:51Z
rep=3 deck=brv_default tree=/home/smburns/stevenmburns/momwire-wt-u9/src rc=0 2026-09-14T18:05:54Z
rep=3 deck=brv_default tree=/home/smburns/stevenmburns/momwire-wt-u9src/src rc=0 2026-09-14T18:05:58Z
rep=3 deck=ebc_default tree=/home/smburns/stevenmburns/momwire-wt-u9/src rc=0 2026-09-14T18:06:01Z
rep=3 deck=ebc_default tree=/home/smburns/stevenmburns/momwire-wt-u9src/src rc=0 2026-09-14T18:06:03Z
rep=3 deck=dipole935 tree=/home/smburns/stevenmburns/momwire-wt-u9/src rc=0 2026-09-14T18:06:14Z
rep=3 deck=dipole935 tree=/home/smburns/stevenmburns/momwire-wt-u9src/src rc=0 2026-09-14T18:06:42Z
rep=3 deck=brv_corner tree=/home/smburns/stevenmburns/momwire-wt-u9/src rc=0 2026-09-14T18:07:07Z
rep=3 deck=brv_corner tree=/home/smburns/stevenmburns/momwire-wt-u9src/src rc=0 2026-09-14T18:07:58Z
rep=3 deck=brv48 tree=/home/smburns/stevenmburns/momwire-wt-u9/src rc=0 2026-09-14T18:08:33Z
rep=3 deck=brv48 tree=/home/smburns/stevenmburns/momwire-wt-u9src/src rc=0 2026-09-14T18:09:09Z
done 2026-09-14T18:09:09Z
