(a) exact pair, eps~=4 lossless, jacket eps_r=10, 5 m dipole 0.5 m deep
  BSplineSolver  n= 20 exact 5.9196-427.8018j  fixed-exact -0.0005-0.0280j  old-exact 0.0265+28.0346j
  BSplineSolver  n= 40 exact 5.7008-419.4855j  fixed-exact -0.0006-0.0345j  old-exact 0.0217+27.6899j
  BSplineSolver  n= 80 exact 5.5742-414.5525j  fixed-exact -0.0007-0.0463j  old-exact 0.0165+27.5845j
  RazorSolver    n= 20 exact 5.4756-416.3319j  fixed-exact 0.0000+0.0173j  old-exact 0.0156+27.1773j
  RazorSolver    n= 40 exact 5.4475-412.8181j  fixed-exact 0.0000+0.0021j  old-exact 0.0119+27.2850j
  RazorSolver    n= 80 exact 5.4222-410.4996j  fixed-exact 0.0001-0.0057j  old-exact 0.0074+27.4356j
(b) soil A, PVC jacket b=1.8 mm eps_r=3.5, 5.0 m dipole 0.5 m deep
  BSplineSolver  n= 20 bare 123.841+18.024j  fixed 110.324-25.922j  old 120.075+23.263j  (fixed-old -9.751-49.185j)
  BSplineSolver  n= 40 bare 122.506+15.681j  fixed 109.058-26.861j  old 118.909+20.683j  (fixed-old -9.851-47.544j)
  BSplineSolver  n= 80 bare 121.703+14.354j  fixed 108.378-27.391j  old 118.184+19.194j  (fixed-old -9.806-46.585j)
  BSplineSolver  n=160 bare 121.208+13.566j  fixed 108.010-27.700j  old 117.720+18.286j  (fixed-old -9.709-45.986j)
  RazorSolver    n= 20 bare 121.060+12.953j  fixed 107.954-28.516j  old 117.525+17.811j  (fixed-old -9.571-46.327j)
  RazorSolver    n= 40 bare 120.961+12.871j  fixed 107.864-28.219j  old 117.469+17.604j  (fixed-old -9.606-45.823j)
  RazorSolver    n= 80 bare 120.800+12.721j  fixed 107.759-28.139j  old 117.321+17.366j  (fixed-old -9.562-45.506j)
  RazorSolver    n=160 bare 120.654+12.574j  fixed 107.686-28.124j  old 117.172+17.142j  (fixed-old -9.486-45.266j)
  bspline-vs-razor gap in the jacket shift:
   n= 20  fixed 2.5104  old 0.4448  bspline-fixed vs razor-old 49.8144
   n= 40  fixed 1.4934  old 0.2891  bspline-fixed vs razor-old 48.3120
   n= 80  fixed 0.9286  old 0.1997  bspline-fixed vs razor-old 47.4229
   n=160  fixed 0.6127  old 0.1520  bspline-fixed vs razor-old 46.8526
