(b) soil A, PVC jacket b=0.45 mm eps_r=3.5 on every wire
  crossing     m=1 BSplineSolver  bare 193.705-107.241j fixed 175.203-113.902j old 194.359-66.689j (fixed-old -19.156-47.213j)
  crossing     m=1 RazorSolver    bare 191.335-113.585j fixed 173.391-119.862j old 192.200-73.420j (fixed-old -18.809-46.442j)
  crossing     m=2 BSplineSolver  bare 193.154-107.451j fixed 174.624-114.032j old 193.993-67.009j (fixed-old -19.368-47.023j)
  crossing     m=2 RazorSolver    bare 192.215-110.323j fixed 173.906-116.706j old 193.187-70.122j (fixed-old -19.281-46.584j)
  crossing     m=4 BSplineSolver  bare 192.848-107.555j fixed 174.299-114.095j old 193.789-67.174j (fixed-old -19.490-46.921j)
  crossing     m=4 RazorSolver    bare 192.419-109.004j fixed 173.971-115.435j old 193.436-68.772j (fixed-old -19.465-46.663j)
   crossing m=1 gap fixed 0.6770  old 0.4406
   crossing m=2 gap fixed 0.2963  old 0.2743
   crossing m=4 gap fixed 0.1490  old 0.1676
  hub4         m=1 BSplineSolver  bare 184.265-46.741j fixed 184.782+18.817j old 193.766+12.056j (fixed-old -8.984+6.761j)
  hub4         m=1 RazorSolver    bare 182.569-53.927j fixed 183.431+11.123j old 192.710+4.496j (fixed-old -9.279+6.627j)
  hub4         m=2 BSplineSolver  bare 184.029-47.078j fixed 184.964+18.454j old 193.913+11.594j (fixed-old -8.949+6.860j)
  hub4         m=2 RazorSolver    bare 183.222-50.738j fixed 184.474+14.492j old 193.446+7.702j (fixed-old -8.972+6.789j)
  hub4         m=4 BSplineSolver  bare 183.896-47.250j fixed 185.063+18.264j old 193.993+11.353j (fixed-old -8.931+6.911j)
  hub4         m=4 RazorSolver    bare 183.466-49.227j fixed 184.843+16.097j old 193.747+9.231j (fixed-old -8.904+6.866j)
   hub4 m=1 gap fixed 0.6138  old 0.7413
   hub4 m=2 gap fixed 0.4377  old 0.4105
   hub4 m=4 gap fixed 0.2828  old 0.2337
  detached_hub m=1 BSplineSolver  bare 10.817-1283.953j fixed 19.861-1213.647j old 10.295-1206.688j (fixed-old 9.567-6.959j)
  detached_hub m=1 RazorSolver    bare 10.952-1248.696j fixed 19.303-1180.040j old 10.418-1174.478j (fixed-old 8.885-5.562j)
  detached_hub m=2 BSplineSolver  bare 10.306-1255.337j fixed 18.977-1186.394j old 9.802-1179.713j (fixed-old 9.175-6.681j)
  detached_hub m=2 RazorSolver    bare 10.200-1239.865j fixed 18.464-1171.683j old 9.705-1165.563j (fixed-old 8.759-6.121j)
  detached_hub m=4 BSplineSolver  bare 10.029-1239.015j fixed 18.481-1170.715j old 9.535-1164.193j (fixed-old 8.946-6.522j)
  detached_hub m=4 RazorSolver    bare 9.944-1235.148j fixed 18.192-1167.037j old 9.457-1160.747j (fixed-old 8.734-6.290j)
   detached_hub m=1 gap fixed 1.7906  old 3.0476
   detached_hub m=2 gap fixed 0.8636  old 1.3220
   detached_hub m=4 gap fixed 0.2784  old 0.4210
exit=0
