{'momwire_file': '/home/smburns/stevenmburns/momwire-wt-u4/src/momwire/__init__.py', 'cap0': 4.0}
{
 "mode": "band",
 "lam_m": 15.965887973309902,
 "grid_r1_max_lambda": 4.7,
 "r1_lambda": [
  4.00925,
  4.6842500000000005
 ],
 "theta_deg": [
  30.0,
  90.0
 ],
 "points": 700,
 "worst_rel": 7.5261676022316915e-06,
 "worst_at": {
  "r1_lambda": 4.00925,
  "theta_deg": 38.664
 },
 "bar": 0.0002,
 "verdict": "HIT",
 "seconds": 3.2258641719818115
}
saved scratch/u4-below-range/gz1_offnode_steep.json
