{'momwire_file': '/home/smburns/stevenmburns/momwire-wt-u4/src/momwire/__init__.py', 'cap0': 4.0}

/home/smburns/antennas/nec-wild/community/cebik-w4rnl/models/LPDAs/nec/lpma3r5-4-6el86ft75o-buriedradials.nec  engine momwire
    r   segs   fed seg (mm)                  Z (ohm)                   step  |step| ratio

{
 "mode": "ladder",
 "spelling": "extended",
 "engine": "momwire",
 "cap": 5.0,
 "deck": "/home/smburns/antennas/nec-wild/community/cebik-w4rnl/models/LPDAs/nec/lpma3r5-4-6el86ft75o-buriedradials.nec",
 "refine": [
  1
 ],
 "error": "ValueError: this deck's buried geometry is outside momwire's below/below domain: this deck's buried wires reach a below/below pair elevation of theta = 0 deg, below the 0.05 deg grazing floor the below/below surfaces are tabulated from (the pair's two depths add to 0 m, and theta = atan2(depth sum, horizontal separation)). Below the floor the surfaces carry the lateral wave's LOGARITHMIC structure \u2014 measured drift 1.1 to 3.3 of scale between 2 and 0.05 deg \u2014 which no uniform lattice resolves, and theta = 0 has no node at all because h = 0 leaves the tail without its exponential decay. Bury the wires deeper, shorten them, or wait for the log-spaced grazing band (momwire#553 U2's recorded follow-up)",
 "stats": {
  "proj_calls": 0,
  "pairs": 0,
  "zeroed_pairs": 0,
  "grids": []
 },
 "seconds": 0.36227941513061523
}
saved scratch/u4-below-range/lpda_extended_r1.json
	Command being timed: "/home/smburns/stevenmburns/antennaknobs/.venv/bin/python scratch/u4-below-range/z_gate.py ladder --spelling extended --engine momwire --refine 1 --deck /home/smburns/antennas/nec-wild/community/cebik-w4rnl/models/LPDAs/nec/lpma3r5-4-6el86ft75o-buriedradials.nec --out scratch/u4-below-range/lpda_extended_r1.json"
	User time (seconds): 1.93
	System time (seconds): 0.07
	Percent of CPU this job got: 158%
	Elapsed (wall clock) time (h:mm:ss or m:ss): 0:01.26
	Average shared text size (kbytes): 0
	Average unshared data size (kbytes): 0
	Average stack size (kbytes): 0
	Average total size (kbytes): 0
	Maximum resident set size (kbytes): 97620
	Average resident set size (kbytes): 0
	Major (requiring I/O) page faults: 3
	Minor (reclaiming a frame) page faults: 16076
	Voluntary context switches: 49
	Involuntary context switches: 180
	Swaps: 0
	File system inputs: 0
	File system outputs: 16
	Socket messages sent: 0
	Socket messages received: 0
	Signals delivered: 0
	Page size (bytes): 4096
	Exit status: 0
