{'momwire_file': '/home/smburns/stevenmburns/momwire-wt-u4/src/momwire/__init__.py', 'cap0': 4.0}

/home/smburns/antennas/nec-wild/community/cebik-w4rnl/models/LPDAs/nec/lpma3r5-4-6el86ft75o-buriedradials.nec  engine nec5
    r   segs   fed seg (mm)                  Z (ohm)                   step  |step| ratio
    1   2690          152.4     53.0711     -3.5390j                                     

{
 "mode": "ladder",
 "spelling": "shipped",
 "engine": "nec5",
 "cap": 4.0,
 "deck": "/home/smburns/antennas/nec-wild/community/cebik-w4rnl/models/LPDAs/nec/lpma3r5-4-6el86ft75o-buriedradials.nec",
 "refine": [
  1
 ],
 "error": null,
 "stats": {
  "proj_calls": 0,
  "pairs": 0,
  "zeroed_pairs": 0,
  "grids": []
 },
 "seconds": 422.5551426410675
}
saved scratch/u4-below-range/lpda_nec5_r1.json
