{'momwire_file': '/home/smburns/stevenmburns/momwire-wt-u4/src/momwire/__init__.py', 'cap0': 4.0}

scratch/u4-below-range/synthetic_u4.nec  engine nec5
    r   segs   fed seg (mm)                  Z (ohm)                   step  |step| ratio
    1     88        1945.45     69.3290    +36.5550j                                     
    3    264        648.485     69.6560    +39.2460j     +0.3270   +2.6910j              
    9    792        216.162     69.7690    +40.2250j     +0.1130   +0.9790j          2.75
  Richardson (first order in h, last two rungs, indicative): 69.8255+40.7145j

{
 "mode": "ladder",
 "spelling": "shipped",
 "engine": "nec5",
 "cap": 4.0,
 "deck": "scratch/u4-below-range/synthetic_u4.nec",
 "refine": [
  1,
  3,
  9
 ],
 "error": null,
 "stats": {
  "proj_calls": 0,
  "pairs": 0,
  "zeroed_pairs": 0,
  "grids": []
 },
 "extents": {
  "bounds": null,
  "calls": []
 },
 "seconds": 9.228681325912476
}
saved scratch/u4-below-range/syn_nec5.json
