{'momwire_file': '/home/smburns/stevenmburns/momwire-wt-u4/src/momwire/__init__.py', 'cap0': 4.0}

scratch/u4-below-range/synthetic_u4.nec  engine momwire
    r   segs   fed seg (mm)                  Z (ohm)                   step  |step| ratio
    1     88        1945.45     69.6229    +40.6986j                                     
    3    264        648.485     69.7544    +40.7702j     +0.1315   +0.0717j              
  Richardson (first order in h, last two rungs, indicative): 69.8201+40.8061j

{
 "mode": "ladder",
 "spelling": "zeroed",
 "engine": "momwire",
 "cap": 5.0,
 "deck": "scratch/u4-below-range/synthetic_u4.nec",
 "refine": [
  1,
  3
 ],
 "error": null,
 "stats": {
  "proj_calls": 5,
  "pairs": 2134440,
  "zeroed_pairs": 26608,
  "grids": [
   {
    "r1_max": 76.13128651433998,
    "lam_m": 15.96588797761211,
    "r1_cap": 79.82943988806055
   },
   {
    "r1_max": 76.13128651433998,
    "lam_m": 15.96588797761211,
    "r1_cap": 79.82943988806055
   }
  ]
 },
 "extents": {
  "bounds": [
   4.0,
   5.0,
   0.05
  ],
  "calls": [
   {
    "r1_lambda": 4.7517264490297055,
    "theta_deg": 0.22656901172103178
   },
   {
    "r1_lambda": 4.7573659690303645,
    "theta_deg": 0.22630042882669552
   }
  ]
 },
 "seconds": 11.618860483169556
}
saved scratch/u4-below-range/syn_zeroed_r13.json
	Command being timed: "/home/smburns/stevenmburns/antennaknobs/.venv/bin/python scratch/u4-below-range/z_gate.py ladder --spelling zeroed --engine momwire --refine 1 3 --assert-extents --deck scratch/u4-below-range/synthetic_u4.nec --out scratch/u4-below-range/syn_zeroed_r13.json"
	User time (seconds): 84.27
	System time (seconds): 0.09
	Percent of CPU this job got: 693%
	Elapsed (wall clock) time (h:mm:ss or m:ss): 0:12.16
	Average shared text size (kbytes): 0
	Average unshared data size (kbytes): 0
	Average stack size (kbytes): 0
	Average total size (kbytes): 0
	Maximum resident set size (kbytes): 150572
	Average resident set size (kbytes): 0
	Major (requiring I/O) page faults: 12
	Minor (reclaiming a frame) page faults: 43017
	Voluntary context switches: 701
	Involuntary context switches: 3332
	Swaps: 0
	File system inputs: 0
	File system outputs: 24
	Socket messages sent: 0
	Socket messages received: 0
	Signals delivered: 0
	Page size (bytes): 4096
	Exit status: 0
