{"gate": "d", "deck": "mixed", "m": 1, "gap": {"z11": 26.561239607932208, "z22": 44.271687693479656, "z12": 0.5355266809664452}, "zr12": "(-0.6678858906845773+2.5093466047038593j)", "zb12": "(-0.8443127871185018+3.0149772764808294j)", "secs": 9.4}
{"gate": "d", "deck": "mixed", "m": 2, "gap": {"z11": 14.748336523637585, "z22": 22.984777841080504, "z12": 0.2771439350705591}, "zr12": "(-0.6506142697988774+2.4908872768650494j)", "zb12": "(-0.7423027267701889+2.752425013347979j)", "secs": 9.3}
{"gate": "d", "deck": "mixed", "m": 4, "gap": {"z11": 8.256950589932037, "z22": 12.104052065863385, "z12": 0.15212669015354255}, "zr12": "(-0.640533773346855+2.472742861035985j)", "zb12": "(-0.6912416278080079+2.616169648467826j)", "secs": 9.2}
{"gate": "d", "deck": "mixed", "m": 8, "gap": {"z11": 4.6658029142373705, "z22": 6.54656016537417, "z12": 0.0890694525628979}, "zr12": "(-0.6344041977307066+2.459444567223871j)", "zb12": "(-0.6644259565696584+2.543301954352675j)", "secs": 10.0}
{"gate": "d", "deck": "mixed", "key": "z11", "ratios": [0.5552578396692436, 0.5598563998521721, 0.5650757944375412]}
{"gate": "d", "deck": "mixed", "key": "z22", "ratios": [0.519175550754206, 0.5266116622728418, 0.540856907236643]}
{"gate": "d", "deck": "mixed", "key": "z12", "ratios": [0.5175165774568089, 0.5489086027259158, 0.5854952373774744]}
{"gate": "d", "deck": "mixed_inv", "m": 1, "gap": {"z11": 30.987239948873796, "z22": 36.13002887467175, "z12": 0.5339316050159933}, "zr12": "(-0.6610529408626848+2.4879067271212407j)", "zb12": "(-0.836479114999426+2.992196937479027j)", "secs": 0.2}
{"gate": "d", "deck": "mixed_inv", "m": 2, "gap": {"z11": 16.866037820133492, "z22": 19.068327793101002, "z12": 0.28023407050802884}, "zr12": "(-0.6413931860606027+2.464180978204605j)", "zb12": "(-0.7336386526936037+2.7287975086012506j)", "secs": 0.4}
{"gate": "d", "deck": "mixed_inv", "m": 4, "gap": {"z11": 9.203953327916418, "z22": 10.28570032853226, "z12": 0.15641482308238566}, "zr12": "(-0.6293783141478665+2.441960440421455j)", "zb12": "(-0.6811724153411746+2.589550981993303j)", "secs": 0.7}
{"gate": "d", "deck": "mixed_inv", "m": 8, "gap": {"z11": 5.019627453117075, "z22": 5.767906986167253, "z12": 0.0935106850520486}, "zr12": "(-0.6216462487383327+2.425244936468007j)", "zb12": "(-0.6529281318438844+2.5133681003256103j)", "secs": 1.9}
{"gate": "d", "deck": "mixed_inv", "key": "z11", "ratios": [0.5442897737249578, 0.5457092783777221, 0.5453773258380281]}
{"gate": "d", "deck": "mixed_inv", "key": "z22", "ratios": [0.5277695143628429, 0.5394128127089187, 0.560769495701448]}
{"gate": "d", "deck": "mixed_inv", "key": "z12", "ratios": [0.5248501266367903, 0.5581577671795062, 0.5978377445902]}
{"gate": "d", "deck": "hub_spread", "m": 1, "gap": {"z11": 25.104181056735626, "z22": 29.207131767939753, "z12": 0.9845658998361734}, "zr12": "(3.067237391353627-3.965008383921196j)", "zb12": "(3.7379026632498866-4.685826047545312j)", "secs": 5.6}
{"gate": "d", "deck": "hub_spread", "m": 2, "gap": {"z11": 11.243005639807327, "z22": 15.21513285738427, "z12": 0.5239279151288652}, "zr12": "(2.9288320897701663-4.063449822444501j)", "zb12": "(3.3025258591067472-4.430673769117778j)", "secs": 4.6}
{"gate": "d", "deck": "hub_spread", "m": 4, "gap": {"z11": 2.8148100508985046, "z22": 8.301347807582525, "z12": 0.2833265376253738}, "zr12": "(2.8704820174854664-4.090908701236092j)", "zb12": "(3.07724189629203-4.284620547643785j)", "secs": 5.3}
{"gate": "d", "deck": "hub_spread", "m": 8, "gap": {"z11": 1.5463652923438527, "z22": 4.696759977235134, "z12": 0.15864151737082471}, "zr12": "(2.840246762597078-4.095133423258392j)", "zb12": "(2.9567420008066443-4.202818104194048j)", "secs": 8.0}
{"gate": "d", "deck": "hub_spread", "key": "z11", "ratios": [0.44785390984864454, 0.25036099252074573, 0.5493675467906772]}
{"gate": "d", "deck": "hub_spread", "key": "z22", "ratios": [0.5209389603290557, 0.5455981150735519, 0.5657828205854802]}
{"gate": "d", "deck": "hub_spread", "key": "z12", "ratios": [0.5321410331355616, 0.5407738916825741, 0.5599246674894505]}
