{"gate": "c", "deck": "mixed", "lane": true, "rule": "source", "rel": {"AxB": 7.077392429971359e-14, "BxA": 4.381988078547061e-14, "AxA": 0.0, "BxB": 1.4349837025303224e-19}}
{"gate": "c", "deck": "mixed", "lane": true, "rule": "observer", "rel": {"AxB": 1.5384376683588953e-06, "BxA": 1.5384390672257581e-06, "AxA": 0.0, "BxB": 1.4349837025303224e-19}}
{"gate": "c", "deck": "mixed", "lane": true, "rule": "wire0", "rel": {"AxB": 7.077392429971359e-14, "BxA": 1.5384390672257581e-06, "AxA": 0.0, "BxB": 1.4349837025303224e-19}}
{"gate": "c", "deck": "mixed", "lane": true, "rule": "min", "rel": {"AxB": 7.077392429971359e-14, "BxA": 1.5384390672257581e-06, "AxA": 0.0, "BxB": 1.4349837025303224e-19}}
{"gate": "c", "deck": "mixed", "lane": true, "rule": "max", "rel": {"AxB": 1.5384376683588953e-06, "BxA": 4.381988078547061e-14, "AxA": 0.0, "BxB": 1.4349837025303224e-19}}
{"gate": "c", "deck": "mixed", "lane": false, "rule": "source", "rel": {"AxB": 7.061559923756132e-14, "BxA": 4.2603221996931113e-14, "AxA": 0.0, "BxB": 1.4349927397260242e-19}}
{"gate": "c", "deck": "mixed", "lane": false, "rule": "observer", "rel": {"AxB": 1.536683804139838e-06, "BxA": 1.5366852076891797e-06, "AxA": 0.0, "BxB": 1.4349927397260242e-19}}
{"gate": "c", "deck": "mixed", "lane": false, "rule": "wire0", "rel": {"AxB": 7.061559923756132e-14, "BxA": 1.5366852076891797e-06, "AxA": 0.0, "BxB": 1.4349927397260242e-19}}
{"gate": "c", "deck": "mixed", "lane": false, "rule": "min", "rel": {"AxB": 7.061559923756132e-14, "BxA": 1.5366852076891797e-06, "AxA": 0.0, "BxB": 1.4349927397260242e-19}}
{"gate": "c", "deck": "mixed", "lane": false, "rule": "max", "rel": {"AxB": 1.536683804139838e-06, "BxA": 4.2603221996931113e-14, "AxA": 0.0, "BxB": 1.4349927397260242e-19}}
{"gate": "c", "deck": "mixed_inv", "lane": true, "rule": "source", "rel": {"AxB": 7.30758255537141e-14, "BxA": 4.353027393494633e-14, "AxA": 0.0, "BxB": 2.0268614256884968e-19}}
{"gate": "c", "deck": "mixed_inv", "lane": true, "rule": "observer", "rel": {"AxB": 1.5384390580735665e-06, "BxA": 1.5384376727032913e-06, "AxA": 0.0, "BxB": 2.0268614256884968e-19}}
{"gate": "c", "deck": "mixed_inv", "lane": true, "rule": "wire0", "rel": {"AxB": 7.30758255537141e-14, "BxA": 1.5384376727032913e-06, "AxA": 0.0, "BxB": 2.0268614256884968e-19}}
{"gate": "c", "deck": "mixed_inv", "lane": true, "rule": "min", "rel": {"AxB": 1.5384390580735665e-06, "BxA": 4.353027393494633e-14, "AxA": 0.0, "BxB": 2.0268614256884968e-19}}
{"gate": "c", "deck": "mixed_inv", "lane": true, "rule": "max", "rel": {"AxB": 7.30758255537141e-14, "BxA": 1.5384376727032913e-06, "AxA": 0.0, "BxB": 2.0268614256884968e-19}}
{"gate": "c", "deck": "mixed_inv", "lane": false, "rule": "source", "rel": {"AxB": 7.256613506153495e-14, "BxA": 4.33518686701952e-14, "AxA": 0.0, "BxB": 2.0268738423359023e-19}}
{"gate": "c", "deck": "mixed_inv", "lane": false, "rule": "observer", "rel": {"AxB": 1.5366851975661179e-06, "BxA": 1.5366838121225934e-06, "AxA": 0.0, "BxB": 2.0268738423359023e-19}}
{"gate": "c", "deck": "mixed_inv", "lane": false, "rule": "wire0", "rel": {"AxB": 7.256613506153495e-14, "BxA": 1.5366838121225934e-06, "AxA": 0.0, "BxB": 2.0268738423359023e-19}}
{"gate": "c", "deck": "mixed_inv", "lane": false, "rule": "min", "rel": {"AxB": 1.5366851975661179e-06, "BxA": 4.33518686701952e-14, "AxA": 0.0, "BxB": 2.0268738423359023e-19}}
{"gate": "c", "deck": "mixed_inv", "lane": false, "rule": "max", "rel": {"AxB": 7.256613506153495e-14, "BxA": 1.5366838121225934e-06, "AxA": 0.0, "BxB": 2.0268738423359023e-19}}
{"gate": "c", "deck": "hub_spread", "lane": true, "rule": "source", "rel": {"AxB": 1.1092235887035521e-15, "BxA": 2.3663913259068356e-11, "AxA": 0.0, "BxB": 2.554070695461492e-19}}
{"gate": "c", "deck": "hub_spread", "lane": true, "rule": "observer", "rel": {"AxB": 1.1565224097295025e-05, "BxA": 1.68353536519974e-05, "AxA": 0.0, "BxB": 2.554070695461492e-19}}
{"gate": "c", "deck": "hub_spread", "lane": true, "rule": "wire0", "rel": {"AxB": 2.3130620869048495e-06, "BxA": 1.68353536519974e-05, "AxA": 0.0, "BxB": 2.554070695461492e-19}}
{"gate": "c", "deck": "hub_spread", "lane": true, "rule": "min", "rel": {"AxB": 2.891328958554264e-06, "BxA": 1.7677135736071987e-05, "AxA": 0.0, "BxB": 2.554070695461492e-19}}
{"gate": "c", "deck": "hub_spread", "lane": true, "rule": "max", "rel": {"AxB": 1.1565224097295025e-05, "BxA": 2.3663913259068356e-11, "AxA": 0.0, "BxB": 2.554070695461492e-19}}
{"gate": "c", "deck": "hub_spread", "lane": false, "rule": "source", "rel": {"AxB": 1.1097360244868445e-15, "BxA": 2.3664205920812915e-11, "AxA": 0.0, "BxB": 2.5540746704796256e-19}}
{"gate": "c", "deck": "hub_spread", "lane": false, "rule": "observer", "rel": {"AxB": 1.1565224097468767e-05, "BxA": 1.68353536519974e-05, "AxA": 0.0, "BxB": 2.5540746704796256e-19}}
{"gate": "c", "deck": "hub_spread", "lane": false, "rule": "wire0", "rel": {"AxB": 2.3130620867311087e-06, "BxA": 1.68353536519974e-05, "AxA": 0.0, "BxB": 2.5540746704796256e-19}}
{"gate": "c", "deck": "hub_spread", "lane": false, "rule": "min", "rel": {"AxB": 2.891328958380523e-06, "BxA": 1.7677135736071987e-05, "AxA": 0.0, "BxB": 2.5540746704796256e-19}}
{"gate": "c", "deck": "hub_spread", "lane": false, "rule": "max", "rel": {"AxB": 1.1565224097468767e-05, "BxA": 2.3664205920812915e-11, "AxA": 0.0, "BxB": 2.5540746704796256e-19}}
c=0
